[     576ms] [INFO] %cDownload the React DevTools for a better development experience: https://react.dev/link/react-devtools font-weight:bold @ http://localhost:3000/_next/static/chunks/node_modules_next_dist_115brz8._.js:2431
[     674ms] [LOG] [HMR] connected @ http://localhost:3000/_next/static/chunks/node_modules_next_dist_115brz8._.js:2431
[     849ms] [WARNING] Please ensure that the container has a non-static position, like 'relative', 'fixed', or 'absolute' to ensure scroll offset is calculated correctly. @ http://localhost:3000/_next/static/chunks/node_modules_next_dist_115brz8._.js:2431
[     982ms] [ERROR] Connecting to 'https://k.clarity.ms/collect' violates the following Content Security Policy directive: "connect-src 'self' http://localhost:* ws://localhost:* wss://localhost:* https://www.clarity.ms https://scripts.clarity.ms https://q.clarity.ms". The action has been blocked. @ https://scripts.clarity.ms/0.8.69/clarity.js:1
[     985ms] [ERROR] Connecting to 'https://k.clarity.ms/collect' violates the following Content Security Policy directive: "connect-src 'self' http://localhost:* ws://localhost:* wss://localhost:* https://www.clarity.ms https://scripts.clarity.ms https://q.clarity.ms". The action has been blocked. @ https://scripts.clarity.ms/0.8.69/clarity.js:1
[     997ms] [ERROR] Connecting to 'https://k.clarity.ms/collect' violates the following Content Security Policy directive: "connect-src 'self' http://localhost:* ws://localhost:* wss://localhost:* https://www.clarity.ms https://scripts.clarity.ms https://q.clarity.ms". The action has been blocked. @ https://scripts.clarity.ms/0.8.69/clarity.js:1
[     998ms] [ERROR] Connecting to 'https://k.clarity.ms/collect' violates the following Content Security Policy directive: "connect-src 'self' http://localhost:* ws://localhost:* wss://localhost:* https://www.clarity.ms https://scripts.clarity.ms https://q.clarity.ms". The action has been blocked. @ https://scripts.clarity.ms/0.8.69/clarity.js:1
[   47064ms] [LOG] [Fast Refresh] rebuilding @ http://localhost:3000/_next/static/chunks/node_modules_next_dist_115brz8._.js:2431
[   48530ms] [LOG] [Fast Refresh] done in 1490ms @ http://localhost:3000/_next/static/chunks/node_modules_next_dist_115brz8._.js:2431
[   48644ms] [LOG] [Fast Refresh] rebuilding @ http://localhost:3000/_next/static/chunks/node_modules_next_dist_115brz8._.js:2431
[   48731ms] [LOG] [Fast Refresh] done in 186ms @ http://localhost:3000/_next/static/chunks/node_modules_next_dist_115brz8._.js:2431
[   48896ms] [INFO] %cDownload the React DevTools for a better development experience: https://react.dev/link/react-devtools font-weight:bold @ http://localhost:3000/_next/static/chunks/node_modules_next_dist_115brz8._.js:2431
[   48997ms] [LOG] [HMR] connected @ http://localhost:3000/_next/static/chunks/node_modules_next_dist_115brz8._.js:2431
[   49222ms] [WARNING] Please ensure that the container has a non-static position, like 'relative', 'fixed', or 'absolute' to ensure scroll offset is calculated correctly. @ http://localhost:3000/_next/static/chunks/node_modules_next_dist_115brz8._.js:2431
[   49245ms] [ERROR] Connecting to 'https://k.clarity.ms/collect' violates the following Content Security Policy directive: "connect-src 'self' http://localhost:* ws://localhost:* wss://localhost:* https://www.clarity.ms https://scripts.clarity.ms https://q.clarity.ms". The action has been blocked. @ https://scripts.clarity.ms/0.8.69/clarity.js:1
[   49253ms] [ERROR] Connecting to 'https://k.clarity.ms/collect' violates the following Content Security Policy directive: "connect-src 'self' http://localhost:* ws://localhost:* wss://localhost:* https://www.clarity.ms https://scripts.clarity.ms https://q.clarity.ms". The action has been blocked. @ https://scripts.clarity.ms/0.8.69/clarity.js:1
[   49264ms] [ERROR] Connecting to 'https://k.clarity.ms/collect' violates the following Content Security Policy directive: "connect-src 'self' http://localhost:* ws://localhost:* wss://localhost:* https://www.clarity.ms https://scripts.clarity.ms https://q.clarity.ms". The action has been blocked. @ https://scripts.clarity.ms/0.8.69/clarity.js:1
[   49265ms] [ERROR] Connecting to 'https://k.clarity.ms/collect' violates the following Content Security Policy directive: "connect-src 'self' http://localhost:* ws://localhost:* wss://localhost:* https://www.clarity.ms https://scripts.clarity.ms https://q.clarity.ms". The action has been blocked. @ https://scripts.clarity.ms/0.8.69/clarity.js:1
[   52140ms] [WARNING] The resource http://localhost:3000/_next/static/media/Roobert_Light-s.p.03.-.-d1~v1ca.woff2 was preloaded using link preload but not used within a few seconds from the window's load event. Please make sure it has an appropriate `as` value and it is preloaded intentionally. @ http://localhost:3000/:0
[   52140ms] [WARNING] The resource http://localhost:3000/_next/static/media/Roobert_Regular-s.p.12tw.h__p~2mg.woff2 was preloaded using link preload but not used within a few seconds from the window's load event. Please make sure it has an appropriate `as` value and it is preloaded intentionally. @ http://localhost:3000/:0
[   52140ms] [WARNING] The resource http://localhost:3000/_next/static/media/Roobert_Medium-s.p.01to_w1jkgchh.woff2 was preloaded using link preload but not used within a few seconds from the window's load event. Please make sure it has an appropriate `as` value and it is preloaded intentionally. @ http://localhost:3000/:0
[   52140ms] [WARNING] The resource http://localhost:3000/_next/static/media/Roobert_Bold-s.p.0m95.jg7ilrh7.woff2 was preloaded using link preload but not used within a few seconds from the window's load event. Please make sure it has an appropriate `as` value and it is preloaded intentionally. @ http://localhost:3000/:0
[   52140ms] [WARNING] The resource http://localhost:3000/_next/static/media/Roobert_Heavy-s.p.13qo3l6qe3a6l.woff2 was preloaded using link preload but not used within a few seconds from the window's load event. Please make sure it has an appropriate `as` value and it is preloaded intentionally. @ http://localhost:3000/:0
[   52140ms] [WARNING] The resource http://localhost:3000/_next/static/media/c825fd02acae0153-s.p.0js52-zd~6bs8.woff2 was preloaded using link preload but not used within a few seconds from the window's load event. Please make sure it has an appropriate `as` value and it is preloaded intentionally. @ http://localhost:3000/:0
[   72193ms] [LOG] [Fast Refresh] rebuilding @ http://localhost:3000/_next/static/chunks/node_modules_next_dist_115brz8._.js:2431
[   72219ms] [LOG] [Fast Refresh] done in 59ms @ http://localhost:3000/_next/static/chunks/node_modules_next_dist_115brz8._.js:2431
